// Jest Snapshot v1, https://goo.gl/fbAQLP

exports[`<App> Should render 1`] = `
<App>
  <div>
    React App
  </div>
</App>
`;
